### 使用外键

>https://dev.mysql.com/doc/refman/8.0/en/example-foreign-keys.html

MySQL 支持外键，允许跨表交叉引用相关数据，外键约束有助于保持相关数据的一致性。

外键关系涉及一个包含初始列值的父表，以及一个包含引用父列值的列值的子表。在子表上定义了外键约束。

以下示例通过单列外键关联 `parent` 和 `child` 表，并显示外键约束如何强制引用完整性。

创建父子表：

```sql
CREATE TABLE parent (
    id INT NOT NULL,
    PRIMARY KEY (id)
) ENGINE=INNODB;


CREATE TABLE child (
    id INT,
    parent_id INT,
    INDEX par_ind (parent_id),
    FOREIGN KEY (parent_id)
        REFERENCES parent(id)
) ENGINE=INNODB;
```

在父表中插入一行：

```sql
mysql> INSERT INTO parent (id) VALUES (1);
```

验证数据是否已插入：

```sql
mysql> SELECT * FROM parent;
+----+
| id |
+----+
|  1 |
+----+
```

在子表中插入一行：

```sql
mysql> INSERT INTO child (id,parent_id) VALUES (1,1);
```

插入操作成功，因为 `parent_id`父表中存在 1。

在子表中插入一行，其 `parent_id`值在父表中不存在：

```sql
mysql> INSERT INTO child (id,parent_id) VALUES(2,2);
ERROR 1452 (23000): Cannot add or update a child row: a foreign key constraint fails
(`test`.`child`, CONSTRAINT `child_ibfk_1` FOREIGN KEY (`parent_id`)
REFERENCES `parent` (`id`))
```

操作失败，因为指定的 `parent_id`值在父表中不存在。

尝试从父表中删除之前插入的行：

```sql
mysql> DELETE FROM parent WHERE id VALUES = 1;
ERROR 1451 (23000): Cannot delete or update a parent row: a foreign key constraint fails
(`test`.`child`, CONSTRAINT `child_ibfk_1` FOREIGN KEY (`parent_id`)
REFERENCES `parent` (`id`))
```

此操作失败，因为子表中的记录包含引用的 id ( `parent_id`) 值。

当操作影响在子表中具有匹配行的父表中的键值时，结果取决于 `FOREIGN KEY` 子句的 `ON UPDATE` 和  `ON DELETE` 子句指定的引用操作。省略 `ON DELETE` 和 `ON UPDATE` 子句（如在当前子表定义中）与指定 `RESTRICT` 选项相同，该选项拒绝影响在子表中具有匹配行的父表中的键值的操作。

要演示`ON DELETE`和`ON UPDATE`引用操作，请删除子表并重新创建它以包含  `CASCADE` 选项`ON UPDATE`和 `ON DELETE`子句。 `CASCADE`选项在删除或更新父表中的行时自动删除或更新子表中的匹配行。

```sql
DROP TABLE child;

CREATE TABLE child (
    id INT,
    parent_id INT,
    INDEX par_ind (parent_id),
    FOREIGN KEY (parent_id)
        REFERENCES parent(id)
        ON UPDATE CASCADE
        ON DELETE CASCADE
) ENGINE=INNODB;
```

将以下行插入到子表中：

```sql
mysql> INSERT INTO child (id,parent_id) VALUES(1,1),(2,1),(3,1);
```

验证数据是否已插入：

```sql
mysql> SELECT * FROM child;
+------+-----------+
| id   | parent_id |
+------+-----------+
|    1 |         1 |
|    2 |         1 |
|    3 |         1 |
+------+-----------+
```

更新父表中的 id，将其从 1 更改为 2。

```sql
mysql> UPDATE parent SET id = 2 WHERE id = 1;
```

验证更新是否成功：

```sql
mysql> SELECT * FROM parent;
+----+
| id |
+----+
|  2 |
+----+
```

验证`ON UPDATE CASCADE`引用操作是否更新了子表：

```sql
mysql> SELECT * FROM child;
+------+-----------+
| id   | parent_id |
+------+-----------+
|    1 |         2 |
|    2 |         2 |
|    3 |         2 |
+------+-----------+
```

为了演示`ON DELETE CASCADE` 引用操作，删除父表中的`parent_id = 2`记录，即删除父表中的所有记录。

```sql
mysql> DELETE FROM parent WHERE id = 2;
```

因为子表中的所有记录都与 关联 `parent_id = 2`，所以`ON DELETE CASCADE`引用操作会从子表中删除所有记录：

```sql
mysql> SELECT * FROM child;
Empty set (0.00 sec)
```

有关外键约束的更多信息，请参阅 [第 13.1.20.5 节，“外键约束”](https://dev.mysql.com/doc/refman/8.0/en/create-table-foreign-keys.html)。
